// Jest Snapshot v1, https://goo.gl/fbAQLP

exports[`movie list action should create action for getting movie list 1`] = `[Function]`;
