// Jest Snapshot v1, https://goo.gl/fbAQLP

exports[`renders without crashing 1`] = `
<nav
  className="nav"
>
  <Link
    to="/"
  >
    <Logo />
  </Link>
</nav>
`;
