// Jest Snapshot v1, https://goo.gl/fbAQLP

exports[`BackButton renders without crashing 1`] = `
<div
  className="back-button"
>
  <button
    name="go back"
    onClick={[MockFunction]}
    type="button"
  >
    xyz
  </button>
</div>
`;
